Copyright 1986-2020 Xilinx, Inc. All Rights Reserved.
------------------------------------------------------------------------------------
| Tool Version : Vivado v.2020.2 (win64) Build 3064766 Wed Nov 18 09:12:45 MST 2020
| Date         : Tue Jun 11 10:07:17 2024
| Host         : DESKTOP-7CFQ9ND running 64-bit major release  (build 9200)
| Command      : report_clock_utilization -file RV32I_clock_utilization_routed.rpt
| Design       : RV32I
| Device       : 7a35t-cpg236
| Speed File   : -1  PRODUCTION 1.23 2018-06-13
| Design State : Routed
------------------------------------------------------------------------------------

Clock Utilization Report

Table of Contents
-----------------
1. Clock Primitive Utilization
2. Global Clock Resources
3. Global Clock Source Details
4. Local Clock Details
5. Clock Regions: Key Resource Utilization
6. Clock Regions : Global Clock Summary
7. Device Cell Placement Summary for Global Clock g0
8. Device Cell Placement Summary for Global Clock g1
9. Device Cell Placement Summary for Global Clock g2
10. Device Cell Placement Summary for Global Clock g3
11. Device Cell Placement Summary for Global Clock g4
12. Device Cell Placement Summary for Global Clock g5
13. Device Cell Placement Summary for Global Clock g6
14. Device Cell Placement Summary for Global Clock g7
15. Device Cell Placement Summary for Global Clock g8
16. Device Cell Placement Summary for Global Clock g9
17. Device Cell Placement Summary for Global Clock g10
18. Device Cell Placement Summary for Global Clock g11
19. Clock Region Cell Placement per Global Clock: Region X0Y0
20. Clock Region Cell Placement per Global Clock: Region X1Y0
21. Clock Region Cell Placement per Global Clock: Region X0Y1
22. Clock Region Cell Placement per Global Clock: Region X1Y1

1. Clock Primitive Utilization
------------------------------

+----------+------+-----------+-----+--------------+--------+
| Type     | Used | Available | LOC | Clock Region | Pblock |
+----------+------+-----------+-----+--------------+--------+
| BUFGCTRL |   12 |        32 |   0 |            0 |      0 |
| BUFH     |    0 |        72 |   0 |            0 |      0 |
| BUFIO    |    0 |        20 |   0 |            0 |      0 |
| BUFMR    |    0 |        10 |   0 |            0 |      0 |
| BUFR     |    0 |        20 |   0 |            0 |      0 |
| MMCM     |    0 |         5 |   0 |            0 |      0 |
| PLL      |    0 |         5 |   0 |            0 |      0 |
+----------+------+-----------+-----+--------------+--------+


2. Global Clock Resources
-------------------------

+-----------+-----------+-----------------+------------+----------------+--------------+-------------------+-------------+-----------------+--------------+-------------+------------------------+--------------------------+
| Global Id | Source Id | Driver Type/Pin | Constraint | Site           | Clock Region | Load Clock Region | Clock Loads | Non-Clock Loads | Clock Period | Clock       | Driver Pin             | Net                      |
+-----------+-----------+-----------------+------------+----------------+--------------+-------------------+-------------+-----------------+--------------+-------------+------------------------+--------------------------+
| g0        | src0      | BUFG/O          | None       | BUFGCTRL_X0Y0  | n/a          |                 4 |        1376 |               0 |       10.000 | sys_clk_pin | clk_IBUF_BUFG_inst/O   | clk_IBUF_BUFG            |
| g1        | src1      | BUFG/O          | None       | BUFGCTRL_X0Y6  | n/a          |                 1 |          32 |               0 |              |             | rdata_reg[31]_i_2__3/O | w_slave_sel_0[0]         |
| g2        | src2      | BUFG/O          | None       | BUFGCTRL_X0Y5  | n/a          |                 1 |          32 |               0 |              |             | rdata_reg[31]_i_2__2/O | w_slave_sel_0[1]         |
| g3        | src3      | BUFG/O          | None       | BUFGCTRL_X0Y4  | n/a          |                 1 |          32 |               0 |              |             | rdata_reg[31]_i_2__1/O | w_slave_sel_0[2]         |
| g4        | src4      | BUFG/O          | None       | BUFGCTRL_X0Y3  | n/a          |                 1 |          32 |               0 |              |             | rdata_reg[31]_i_2__0/O | w_slave_sel_0[3]         |
| g5        | src5      | BUFG/O          | None       | BUFGCTRL_X0Y10 | n/a          |                 2 |          32 |               0 |              |             | rdata_reg[31]_i_2__7/O | w_slave_sel_1[0]         |
| g6        | src6      | BUFG/O          | None       | BUFGCTRL_X0Y11 | n/a          |                 3 |          32 |               0 |              |             | rdata_reg[31]_i_2__8/O | w_slave_sel_1[1]         |
| g7        | src7      | BUFG/O          | None       | BUFGCTRL_X0Y7  | n/a          |                 2 |          32 |               0 |              |             | rdata_reg[31]_i_2__4/O | w_slave_sel_1[2]         |
| g8        | src8      | BUFG/O          | None       | BUFGCTRL_X0Y8  | n/a          |                 2 |          32 |               0 |              |             | rdata_reg[31]_i_2__5/O | w_slave_sel_1[4]         |
| g9        | src9      | BUFG/O          | None       | BUFGCTRL_X0Y9  | n/a          |                 3 |          32 |               0 |              |             | rdata_reg[31]_i_2__6/O | w_slave_sel_1[5]         |
| g10       | src10     | BUFG/O          | None       | BUFGCTRL_X0Y2  | n/a          |                 1 |           1 |              32 |              |             | tick_next_reg_i_1__0/O | tick_next_reg_i_1__0_n_0 |
| g11       | src11     | BUFG/O          | None       | BUFGCTRL_X0Y1  | n/a          |                 1 |           1 |              32 |              |             | tick_next_reg_i_1/O    | tick_next_reg_i_1_n_0    |
+-----------+-----------+-----------------+------------+----------------+--------------+-------------------+-------------+-----------------+--------------+-------------+------------------------+--------------------------+
* Clock Loads column represents the clock pin loads (pin count)
** Non-Clock Loads column represents the non-clock pin loads (pin count)


3. Global Clock Source Details
------------------------------

+-----------+-----------+-----------------+------------+--------------+--------------+-------------+-----------------+---------------------+--------------+---------------------------------------------------+---------------------------------------------------+
| Source Id | Global Id | Driver Type/Pin | Constraint | Site         | Clock Region | Clock Loads | Non-Clock Loads | Source Clock Period | Source Clock | Driver Pin                                        | Net                                               |
+-----------+-----------+-----------------+------------+--------------+--------------+-------------+-----------------+---------------------+--------------+---------------------------------------------------+---------------------------------------------------+
| src0      | g0        | IBUF/O          | IOB_X1Y26  | IOB_X1Y26    | X1Y0         |           1 |               0 |              10.000 | sys_clk_pin  | clk_IBUF_inst/O                                   | clk_IBUF                                          |
| src1      | g1        | LUT3/O          | None       | SLICE_X48Y38 | X1Y0         |           1 |              22 |                     |              | U_CPU_Core/U_DataPath/U_PC/rdata_reg[31]_i_5/O    | U_CPU_Core/U_DataPath/U_PC/rdata_reg[31]_i_7__0_2 |
| src2      | g2        | LUT3/O          | None       | SLICE_X47Y38 | X1Y0         |           1 |              22 |                     |              | U_CPU_Core/U_DataPath/U_PC/rdata_reg[31]_i_3__6/O | U_CPU_Core/U_DataPath/U_PC/rdata_reg[31]_i_7__0_3 |
| src3      | g3        | LUT6/O          | None       | SLICE_X47Y40 | X1Y0         |           1 |              36 |                     |              | U_CPU_Core/U_DataPath/U_PC/rdata_reg[31]_i_3__8/O | U_CPU_Core/U_DataPath/U_PC/rdata_reg[31]_i_7__0_0 |
| src4      | g4        | LUT6/O          | None       | SLICE_X50Y38 | X1Y0         |           1 |              36 |                     |              | U_CPU_Core/U_DataPath/U_PC/rdata_reg[31]_i_3__7/O | U_CPU_Core/U_DataPath/U_PC/rdata_reg[31]_i_7__0_1 |
| src5      | g5        | LUT3/O          | None       | SLICE_X35Y46 | X0Y0         |           1 |               0 |                     |              | U_CPU_Core/U_DataPath/U_PC/rdata_reg[31]_i_3__3/O | U_CPU_Core/U_DataPath/U_PC/rdata_reg[31]_i_4_1    |
| src6      | g6        | LUT3/O          | None       | SLICE_X35Y46 | X0Y0         |           1 |               0 |                     |              | U_CPU_Core/U_DataPath/U_PC/rdata_reg[31]_i_3__1/O | U_CPU_Core/U_DataPath/U_PC/rdata_reg[31]_i_5__0_0 |
| src7      | g7        | LUT3/O          | None       | SLICE_X35Y46 | X0Y0         |           1 |               0 |                     |              | U_CPU_Core/U_DataPath/U_PC/rdata_reg[31]_i_3__2/O | U_CPU_Core/U_DataPath/U_PC/rdata_reg[31]_i_4_0    |
| src8      | g8        | LUT2/O          | None       | SLICE_X35Y46 | X0Y0         |           1 |               0 |                     |              | U_CPU_Core/U_DataPath/U_PC/rdata_reg[31]_i_3__4/O | U_CPU_Core/U_DataPath/U_PC/MODER[31]_i_2__0_0     |
| src9      | g9        | LUT2/O          | None       | SLICE_X35Y46 | X0Y0         |           1 |               0 |                     |              | U_CPU_Core/U_DataPath/U_PC/rdata_reg[31]_i_3__5/O | U_CPU_Core/U_DataPath/U_PC/MODER[31]_i_2__0_1     |
| src10     | g10       | FDCE/Q          | None       | SLICE_X36Y44 | X1Y0         |           1 |               1 |                     |              | U_UART/U_UART1/UART_CR_reg[0]/Q                   | U_UART/U_UART1/UART_CR_reg[31]_0[0]               |
| src11     | g11       | FDCE/Q          | None       | SLICE_X35Y44 | X0Y0         |           1 |               1 |                     |              | U_UART/U_UART2/UART_CR_reg[0]/Q                   | U_UART/U_UART2/UART_CR_reg[31]_0[0]               |
+-----------+-----------+-----------------+------------+--------------+--------------+-------------+-----------------+---------------------+--------------+---------------------------------------------------+---------------------------------------------------+
* Clock Loads column represents the clock pin loads (pin count)
** Non-Clock Loads column represents the non-clock pin loads (pin count)


4. Local Clock Details
----------------------

+----------+-----------------+------------+------------------+--------------+-------------+-----------------+--------------+-------+------------------------------------------+------------------------------------------+
| Local Id | Driver Type/Pin | Constraint | Site/BEL         | Clock Region | Clock Loads | Non-Clock Loads | Clock Period | Clock | Driver Pin                               | Net                                      |
+----------+-----------------+------------+------------------+--------------+-------------+-----------------+--------------+-------+------------------------------------------+------------------------------------------||
| 0        | FDRE/Q          | None       | SLICE_X55Y32/CFF | X1Y0         |          16 |               0 |              |       | U_Timer/U_Timer1/U_Presclar/r_tick_reg/Q | U_Timer/U_Timer1/U_Presclar/CLK          - Static -
| 1        | FDRE/Q          | None       | SLICE_X58Y32/CFF | X1Y0         |          16 |               0 |              |       | U_Timer/U_Timer2/U_Presclar/r_tick_reg/Q | U_Timer/U_Timer2/U_Presclar/r_tick_reg_0 - Static -
| 2        | FDRE/Q          | None       | SLICE_X53Y33/CFF | X1Y0         |          16 |               0 |              |       | U_Timer/U_Timer3/U_Presclar/r_tick_reg/Q | U_Timer/U_Timer3/U_Presclar/r_tick_reg_0 - Static -
| 3        | FDRE/Q          | None       | SLICE_X49Y34/CFF | X1Y0         |          16 |               0 |              |       | U_Timer/U_Timer4/U_Presclar/r_tick_reg/Q | U_Timer/U_Timer4/U_Presclar/r_tick_reg_0 - Static -
| 4        | FDRE/Q          | None       | SLICE_X54Y49/AFF | X1Y0         |           2 |               1 |              |       | U_fndController/U_ClkDiv/r_tick_reg/Q    | U_fndController/U_ClkDiv/CLK             - Static -
+----------+-----------------+------------+------------------+--------------+-------------+-----------------+--------------+-------+------------------------------------------+------------------------------------------||
* Local Clocks in this context represents only clocks driven by non-global buffers
** Clock Loads column represents the clock pin loads (pin count)
*** Non-Clock Loads column represents the non-clock pin loads (pin count)


5. Clock Regions: Key Resource Utilization
------------------------------------------

+-------------------+--------------+--------------+--------------+--------------+--------------+--------------+--------------+--------------+--------------+--------------+--------------+--------------+--------------+--------------+--------------+
|                   | Global Clock |     BUFRs    |    BUFMRs    |    BUFIOs    |     MMCM     |      PLL     |      GT      |      PCI     |    ILOGIC    |    OLOGIC    |      FF      |     LUTM     |    RAMB18    |    RAMB36    |    DSP48E2   |
+-------------------+------+-------+------+-------+------+-------+------+-------+------+-------+------+-------+------+-------+------+-------+------+-------+------+-------+------+-------+------+-------+------+-------+------+-------+------+-------+
| Clock Region Name | Used | Avail | Used | Avail | Used | Avail | Used | Avail | Used | Avail | Used | Avail | Used | Avail | Used | Avail | Used | Avail | Used | Avail | Used | Avail | Used | Avail | Used | Avail | Used | Avail | Used | Avail |
+-------------------+------+-------+------+-------+------+-------+------+-------+------+-------+------+-------+------+-------+------+-------+------+-------+------+-------+------+-------+------+-------+------+-------+------+-------+------+-------+
| X0Y0              |    6 |    12 |    0 |     4 |    0 |     2 |    0 |     4 |    0 |     1 |    0 |     1 |    0 |     0 |    0 |     0 |    0 |    50 |    0 |    50 |  311 |  1200 |   76 |   400 |    0 |    20 |    0 |    10 |    0 |    20 |
| X1Y0              |   10 |    12 |    0 |     4 |    0 |     2 |    0 |     4 |    0 |     1 |    0 |     1 |    0 |     0 |    0 |     0 |    0 |    50 |    0 |    50 |  932 |  1500 |  395 |   450 |    0 |    40 |    0 |    20 |    0 |    20 |
| X0Y1              |    1 |    12 |    0 |     4 |    0 |     2 |    0 |     4 |    0 |     1 |    0 |     1 |    0 |     0 |    0 |     0 |    0 |    50 |    0 |    50 |   39 |  1200 |    9 |   400 |    0 |    20 |    0 |    10 |    0 |    20 |
| X1Y1              |    5 |    12 |    0 |     4 |    0 |     2 |    0 |     4 |    0 |     1 |    0 |     1 |    0 |     0 |    0 |     0 |    0 |    50 |    0 |    50 |   96 |  1500 |   41 |   450 |    0 |    40 |    0 |    20 |    0 |    20 |
| X0Y2              |    0 |    12 |    0 |     4 |    0 |     2 |    0 |     4 |    0 |     1 |    0 |     1 |    0 |     0 |    0 |     0 |    0 |    50 |    0 |    50 |    0 |  1800 |    0 |   400 |    0 |    20 |    0 |    10 |    0 |    20 |
| X1Y2              |    0 |    12 |    0 |     0 |    0 |     0 |    0 |     0 |    0 |     0 |    0 |     0 |    0 |     4 |    0 |     1 |    0 |     0 |    0 |     0 |    0 |   950 |    0 |   300 |    0 |    10 |    0 |     5 |    0 |    20 |
+-------------------+------+-------+------+-------+------+-------+------+-------+------+-------+------+-------+------+-------+------+-------+------+-------+------+-------+------+-------+------+-------+------+-------+------+-------+------+-------+
* Global Clock column represents track count; while other columns represents cell counts


6. Clock Regions : Global Clock Summary
---------------------------------------

All Modules
+----+----+----+
|    | X0 | X1 |
+----+----+----+
| Y2 |  0 |  0 |
| Y1 |  1 |  5 |
| Y0 |  6 | 10 |
+----+----+----+


7. Device Cell Placement Summary for Global Clock g0
----------------------------------------------------

+-----------+-----------------+-------------------+-------------+-------------+---------------+-------------+----------+----------------+----------+---------------+
| Global Id | Driver Type/Pin | Driver Region (D) | Clock       | Period (ns) | Waveform (ns) | Slice Loads | IO Loads | Clocking Loads | GT Loads | Net           |
+-----------+-----------------+-------------------+-------------+-------------+---------------+-------------+----------+----------------+----------+---------------+
| g0        | BUFG/O          | n/a               | sys_clk_pin |      10.000 | {0.000 5.000} |        1312 |        0 |              0 |        0 | clk_IBUF_BUFG |
+-----------+-----------------+-------------------+-------------+-------------+---------------+-------------+----------+----------------+----------+---------------+
* Slice Loads column represents load cell count of all cell types other than IO, GT and clock resources
** IO Loads column represents load cell count of IO types
*** Clocking Loads column represents load cell count that are clock resources (global clock buffer, MMCM, PLL, etc)
**** GT Loads column represents load cell count of GT types


+----+------+------+-----------------------+
|    | X0   | X1   | HORIZONTAL PROG DELAY |
+----+------+------+-----------------------+
| Y2 |    0 |    0 |                     0 |
| Y1 |   39 |   96 |                     0 |
| Y0 |  311 |  866 |                     0 |
+----+------+------+-----------------------+


8. Device Cell Placement Summary for Global Clock g1
----------------------------------------------------

+-----------+-----------------+-------------------+-------+-------------+---------------+-------------+----------+----------------+----------+------------------+
| Global Id | Driver Type/Pin | Driver Region (D) | Clock | Period (ns) | Waveform (ns) | Slice Loads | IO Loads | Clocking Loads | GT Loads | Net              |
+-----------+-----------------+-------------------+-------+-------------+---------------+-------------+----------+----------------+----------+------------------+
| g1        | BUFG/O          | n/a               |       |             |               |          32 |        0 |              0 |        0 | w_slave_sel_0[0] |
+-----------+-----------------+-------------------+-------+-------------+---------------+-------------+----------+----------------+----------+------------------+
* Slice Loads column represents load cell count of all cell types other than IO, GT and clock resources
** IO Loads column represents load cell count of IO types
*** Clocking Loads column represents load cell count that are clock resources (global clock buffer, MMCM, PLL, etc)
**** GT Loads column represents load cell count of GT types


+----+----+-----+-----------------------+
|    | X0 | X1  | HORIZONTAL PROG DELAY |
+----+----+-----+-----------------------+
| Y2 |  0 |   0 |                     0 |
| Y1 |  0 |   0 |                     0 |
| Y0 |  0 |  32 |                     0 |
+----+----+-----+-----------------------+


9. Device Cell Placement Summary for Global Clock g2
----------------------------------------------------

+-----------+-----------------+-------------------+-------+-------------+---------------+-------------+----------+----------------+----------+------------------+
| Global Id | Driver Type/Pin | Driver Region (D) | Clock | Period (ns) | Waveform (ns) | Slice Loads | IO Loads | Clocking Loads | GT Loads | Net              |
+-----------+-----------------+-------------------+-------+-------------+---------------+-------------+----------+----------------+----------+------------------+
| g2        | BUFG/O          | n/a               |       |             |               |          32 |        0 |              0 |        0 | w_slave_sel_0[1] |
+-----------+-----------------+-------------------+-------+-------------+---------------+-------------+----------+----------------+----------+------------------+
* Slice Loads column represents load cell count of all cell types other than IO, GT and clock resources
** IO Loads column represents load cell count of IO types
*** Clocking Loads column represents load cell count that are clock resources (global clock buffer, MMCM, PLL, etc)
**** GT Loads column represents load cell count of GT types


+----+----+-----+-----------------------+
|    | X0 | X1  | HORIZONTAL PROG DELAY |
+----+----+-----+-----------------------+
| Y2 |  0 |   0 |                     0 |
| Y1 |  0 |   0 |                     0 |
| Y0 |  0 |  32 |                     0 |
+----+----+-----+-----------------------+


10. Device Cell Placement Summary for Global Clock g3
-----------------------------------------------------

+-----------+-----------------+-------------------+-------+-------------+---------------+-------------+----------+----------------+----------+------------------+
| Global Id | Driver Type/Pin | Driver Region (D) | Clock | Period (ns) | Waveform (ns) | Slice Loads | IO Loads | Clocking Loads | GT Loads | Net              |
+-----------+-----------------+-------------------+-------+-------------+---------------+-------------+----------+----------------+----------+------------------+
| g3        | BUFG/O          | n/a               |       |             |               |          32 |        0 |              0 |        0 | w_slave_sel_0[2] |
+-----------+-----------------+-------------------+-------+-------------+---------------+-------------+----------+----------------+----------+------------------+
* Slice Loads column represents load cell count of all cell types other than IO, GT and clock resources
** IO Loads column represents load cell count of IO types
*** Clocking Loads column represents load cell count that are clock resources (global clock buffer, MMCM, PLL, etc)
**** GT Loads column represents load cell count of GT types


+----+----+-----+-----------------------+
|    | X0 | X1  | HORIZONTAL PROG DELAY |
+----+----+-----+-----------------------+
| Y2 |  0 |   0 |                     0 |
| Y1 |  0 |   0 |                     0 |
| Y0 |  0 |  32 |                     0 |
+----+----+-----+-----------------------+


11. Device Cell Placement Summary for Global Clock g4
-----------------------------------------------------

+-----------+-----------------+-------------------+-------+-------------+---------------+-------------+----------+----------------+----------+------------------+
| Global Id | Driver Type/Pin | Driver Region (D) | Clock | Period (ns) | Waveform (ns) | Slice Loads | IO Loads | Clocking Loads | GT Loads | Net              |
+-----------+-----------------+-------------------+-------+-------------+---------------+-------------+----------+----------------+----------+------------------+
| g4        | BUFG/O          | n/a               |       |             |               |          32 |        0 |              0 |        0 | w_slave_sel_0[3] |
+-----------+-----------------+-------------------+-------+-------------+---------------+-------------+----------+----------------+----------+------------------+
* Slice Loads column represents load cell count of all cell types other than IO, GT and clock resources
** IO Loads column represents load cell count of IO types
*** Clocking Loads column represents load cell count that are clock resources (global clock buffer, MMCM, PLL, etc)
**** GT Loads column represents load cell count of GT types


+----+----+-----+-----------------------+
|    | X0 | X1  | HORIZONTAL PROG DELAY |
+----+----+-----+-----------------------+
| Y2 |  0 |   0 |                     0 |
| Y1 |  0 |   0 |                     0 |
| Y0 |  0 |  32 |                     0 |
+----+----+-----+-----------------------+


12. Device Cell Placement Summary for Global Clock g5
-----------------------------------------------------

+-----------+-----------------+-------------------+-------+-------------+---------------+-------------+----------+----------------+----------+------------------+
| Global Id | Driver Type/Pin | Driver Region (D) | Clock | Period (ns) | Waveform (ns) | Slice Loads | IO Loads | Clocking Loads | GT Loads | Net              |
+-----------+-----------------+-------------------+-------+-------------+---------------+-------------+----------+----------------+----------+------------------+
| g5        | BUFG/O          | n/a               |       |             |               |          32 |        0 |              0 |        0 | w_slave_sel_1[0] |
+-----------+-----------------+-------------------+-------+-------------+---------------+-------------+----------+----------------+----------+------------------+
* Slice Loads column represents load cell count of all cell types other than IO, GT and clock resources
** IO Loads column represents load cell count of IO types
*** Clocking Loads column represents load cell count that are clock resources (global clock buffer, MMCM, PLL, etc)
**** GT Loads column represents load cell count of GT types


+----+-----+-----+-----------------------+
|    | X0  | X1  | HORIZONTAL PROG DELAY |
+----+-----+-----+-----------------------+
| Y2 |   0 |   0 |                     0 |
| Y1 |   0 |   0 |                     0 |
| Y0 |  16 |  16 |                     0 |
+----+-----+-----+-----------------------+


13. Device Cell Placement Summary for Global Clock g6
-----------------------------------------------------

+-----------+-----------------+-------------------+-------+-------------+---------------+-------------+----------+----------------+----------+------------------+
| Global Id | Driver Type/Pin | Driver Region (D) | Clock | Period (ns) | Waveform (ns) | Slice Loads | IO Loads | Clocking Loads | GT Loads | Net              |
+-----------+-----------------+-------------------+-------+-------------+---------------+-------------+----------+----------------+----------+------------------+
| g6        | BUFG/O          | n/a               |       |             |               |          32 |        0 |              0 |        0 | w_slave_sel_1[1] |
+-----------+-----------------+-------------------+-------+-------------+---------------+-------------+----------+----------------+----------+------------------+
* Slice Loads column represents load cell count of all cell types other than IO, GT and clock resources
** IO Loads column represents load cell count of IO types
*** Clocking Loads column represents load cell count that are clock resources (global clock buffer, MMCM, PLL, etc)
**** GT Loads column represents load cell count of GT types


+----+-----+-----+-----------------------+
|    | X0  | X1  | HORIZONTAL PROG DELAY |
+----+-----+-----+-----------------------+
| Y2 |   0 |   0 |                     0 |
| Y1 |   0 |   2 |                     0 |
| Y0 |  16 |  14 |                     0 |
+----+-----+-----+-----------------------+


14. Device Cell Placement Summary for Global Clock g7
-----------------------------------------------------

+-----------+-----------------+-------------------+-------+-------------+---------------+-------------+----------+----------------+----------+------------------+
| Global Id | Driver Type/Pin | Driver Region (D) | Clock | Period (ns) | Waveform (ns) | Slice Loads | IO Loads | Clocking Loads | GT Loads | Net              |
+-----------+-----------------+-------------------+-------+-------------+---------------+-------------+----------+----------------+----------+------------------+
| g7        | BUFG/O          | n/a               |       |             |               |          32 |        0 |              0 |        0 | w_slave_sel_1[2] |
+-----------+-----------------+-------------------+-------+-------------+---------------+-------------+----------+----------------+----------+------------------+
* Slice Loads column represents load cell count of all cell types other than IO, GT and clock resources
** IO Loads column represents load cell count of IO types
*** Clocking Loads column represents load cell count that are clock resources (global clock buffer, MMCM, PLL, etc)
**** GT Loads column represents load cell count of GT types


+----+-----+-----+-----------------------+
|    | X0  | X1  | HORIZONTAL PROG DELAY |
+----+-----+-----+-----------------------+
| Y2 |   0 |   0 |                     0 |
| Y1 |   0 |   0 |                     0 |
| Y0 |  16 |  16 |                     0 |
+----+-----+-----+-----------------------+


15. Device Cell Placement Summary for Global Clock g8
-----------------------------------------------------

+-----------+-----------------+-------------------+-------+-------------+---------------+-------------+----------+----------------+----------+------------------+
| Global Id | Driver Type/Pin | Driver Region (D) | Clock | Period (ns) | Waveform (ns) | Slice Loads | IO Loads | Clocking Loads | GT Loads | Net              |
+-----------+-----------------+-------------------+-------+-------------+---------------+-------------+----------+----------------+----------+------------------+
| g8        | BUFG/O          | n/a               |       |             |               |          32 |        0 |              0 |        0 | w_slave_sel_1[4] |
+-----------+-----------------+-------------------+-------+-------------+---------------+-------------+----------+----------------+----------+------------------+
* Slice Loads column represents load cell count of all cell types other than IO, GT and clock resources
** IO Loads column represents load cell count of IO types
*** Clocking Loads column represents load cell count that are clock resources (global clock buffer, MMCM, PLL, etc)
**** GT Loads column represents load cell count of GT types


+----+-----+-----+-----------------------+
|    | X0  | X1  | HORIZONTAL PROG DELAY |
+----+-----+-----+-----------------------+
| Y2 |   0 |   0 |                     0 |
| Y1 |   0 |   0 |                     0 |
| Y0 |  13 |  19 |                     0 |
+----+-----+-----+-----------------------+


16. Device Cell Placement Summary for Global Clock g9
-----------------------------------------------------

+-----------+-----------------+-------------------+-------+-------------+---------------+-------------+----------+----------------+----------+------------------+
| Global Id | Driver Type/Pin | Driver Region (D) | Clock | Period (ns) | Waveform (ns) | Slice Loads | IO Loads | Clocking Loads | GT Loads | Net              |
+-----------+-----------------+-------------------+-------+-------------+---------------+-------------+----------+----------------+----------+------------------+
| g9        | BUFG/O          | n/a               |       |             |               |          32 |        0 |              0 |        0 | w_slave_sel_1[5] |
+-----------+-----------------+-------------------+-------+-------------+---------------+-------------+----------+----------------+----------+------------------+
* Slice Loads column represents load cell count of all cell types other than IO, GT and clock resources
** IO Loads column represents load cell count of IO types
*** Clocking Loads column represents load cell count that are clock resources (global clock buffer, MMCM, PLL, etc)
**** GT Loads column represents load cell count of GT types


+----+----+-----+-----------------------+
|    | X0 | X1  | HORIZONTAL PROG DELAY |
+----+----+-----+-----------------------+
| Y2 |  0 |   0 |                     0 |
| Y1 |  0 |   2 |                     0 |
| Y0 |  9 |  21 |                     0 |
+----+----+-----+-----------------------+


17. Device Cell Placement Summary for Global Clock g10
------------------------------------------------------

+-----------+-----------------+-------------------+-------+-------------+---------------+-------------+----------+----------------+----------+--------------------------+
| Global Id | Driver Type/Pin | Driver Region (D) | Clock | Period (ns) | Waveform (ns) | Slice Loads | IO Loads | Clocking Loads | GT Loads | Net                      |
+-----------+-----------------+-------------------+-------+-------------+---------------+-------------+----------+----------------+----------+--------------------------+
| g10       | BUFG/O          | n/a               |       |             |               |          33 |        0 |              0 |        0 | tick_next_reg_i_1__0_n_0 |
+-----------+-----------------+-------------------+-------+-------------+---------------+-------------+----------+----------------+----------+--------------------------+
* Slice Loads column represents load cell count of all cell types other than IO, GT and clock resources
** IO Loads column represents load cell count of IO types
*** Clocking Loads column represents load cell count that are clock resources (global clock buffer, MMCM, PLL, etc)
**** GT Loads column represents load cell count of GT types


+----+----+-----+-----------------------+
|    | X0 | X1  | HORIZONTAL PROG DELAY |
+----+----+-----+-----------------------+
| Y2 |  0 |   0 |                     0 |
| Y1 |  0 |  33 |                     0 |
| Y0 |  0 |   0 |                     0 |
+----+----+-----+-----------------------+


18. Device Cell Placement Summary for Global Clock g11
------------------------------------------------------

+-----------+-----------------+-------------------+-------+-------------+---------------+-------------+----------+----------------+----------+-----------------------+
| Global Id | Driver Type/Pin | Driver Region (D) | Clock | Period (ns) | Waveform (ns) | Slice Loads | IO Loads | Clocking Loads | GT Loads | Net                   |
+-----------+-----------------+-------------------+-------+-------------+---------------+-------------+----------+----------------+----------+-----------------------+
| g11       | BUFG/O          | n/a               |       |             |               |          33 |        0 |              0 |        0 | tick_next_reg_i_1_n_0 |
+-----------+-----------------+-------------------+-------+-------------+---------------+-------------+----------+----------------+----------+-----------------------+
* Slice Loads column represents load cell count of all cell types other than IO, GT and clock resources
** IO Loads column represents load cell count of IO types
*** Clocking Loads column represents load cell count that are clock resources (global clock buffer, MMCM, PLL, etc)
**** GT Loads column represents load cell count of GT types


+----+----+-----+-----------------------+
|    | X0 | X1  | HORIZONTAL PROG DELAY |
+----+----+-----+-----------------------+
| Y2 |  0 |   0 |                     0 |
| Y1 |  0 |  33 |                     0 |
| Y0 |  0 |   0 |                     0 |
+----+----+-----+-----------------------+


19. Clock Region Cell Placement per Global Clock: Region X0Y0
-------------------------------------------------------------

+-----------+-------+-----------------+------------+-------------+-----------------+-----+--------+------+-----+----+------+-----+---------+------------------+
| Global Id | Track | Driver Type/Pin | Constraint | Clock Loads | Non-Clock Loads | FF  | LUTRAM | RAMB | DSP | GT | MMCM | PLL | Hard IP | Net              |
+-----------+-------+-----------------+------------+-------------+-----------------+-----+--------+------+-----+----+------+-----+---------+------------------+
| g0        | n/a   | BUFG/O          | None       |         311 |               0 | 311 |      0 |    0 |   0 |  0 |    0 |   0 |       0 | clk_IBUF_BUFG    |
| g5        | n/a   | BUFG/O          | None       |          16 |               0 |   0 |      0 |    0 |   0 |  0 |    0 |   0 |       0 | w_slave_sel_1[0] |
| g6        | n/a   | BUFG/O          | None       |          16 |               0 |   0 |      0 |    0 |   0 |  0 |    0 |   0 |       0 | w_slave_sel_1[1] |
| g7        | n/a   | BUFG/O          | None       |          16 |               0 |   0 |      0 |    0 |   0 |  0 |    0 |   0 |       0 | w_slave_sel_1[2] |
| g8        | n/a   | BUFG/O          | None       |          13 |               0 |   0 |      0 |    0 |   0 |  0 |    0 |   0 |       0 | w_slave_sel_1[4] |
| g9        | n/a   | BUFG/O          | None       |           9 |               0 |   0 |      0 |    0 |   0 |  0 |    0 |   0 |       0 | w_slave_sel_1[5] |
+-----------+-------+-----------------+------------+-------------+-----------------+-----+--------+------+-----+----+------+-----+---------+------------------+
* Clock Loads column represents the clock pin loads (pin count)
** Non-Clock Loads column represents the non-clock pin loads (pin count)
*** Columns FF, LUTRAM, RAMB through 'Hard IP' represents load cell counts


20. Clock Region Cell Placement per Global Clock: Region X1Y0
-------------------------------------------------------------

+-----------+-------+-----------------+------------+-------------+-----------------+-----+--------+------+-----+----+------+-----+---------+------------------+
| Global Id | Track | Driver Type/Pin | Constraint | Clock Loads | Non-Clock Loads | FF  | LUTRAM | RAMB | DSP | GT | MMCM | PLL | Hard IP | Net              |
+-----------+-------+-----------------+------------+-------------+-----------------+-----+--------+------+-----+----+------+-----+---------+------------------+
| g0        | n/a   | BUFG/O          | None       |         866 |               0 | 866 |      0 |    0 |   0 |  0 |    0 |   0 |       0 | clk_IBUF_BUFG    |
| g1        | n/a   | BUFG/O          | None       |          32 |               0 |   0 |      0 |    0 |   0 |  0 |    0 |   0 |       0 | w_slave_sel_0[0] |
| g2        | n/a   | BUFG/O          | None       |          32 |               0 |   0 |      0 |    0 |   0 |  0 |    0 |   0 |       0 | w_slave_sel_0[1] |
| g3        | n/a   | BUFG/O          | None       |          32 |               0 |   0 |      0 |    0 |   0 |  0 |    0 |   0 |       0 | w_slave_sel_0[2] |
| g4        | n/a   | BUFG/O          | None       |          32 |               0 |   0 |      0 |    0 |   0 |  0 |    0 |   0 |       0 | w_slave_sel_0[3] |
| g5        | n/a   | BUFG/O          | None       |          16 |               0 |   0 |      0 |    0 |   0 |  0 |    0 |   0 |       0 | w_slave_sel_1[0] |
| g6        | n/a   | BUFG/O          | None       |          14 |               0 |   0 |      0 |    0 |   0 |  0 |    0 |   0 |       0 | w_slave_sel_1[1] |
| g7        | n/a   | BUFG/O          | None       |          16 |               0 |   0 |      0 |    0 |   0 |  0 |    0 |   0 |       0 | w_slave_sel_1[2] |
| g8        | n/a   | BUFG/O          | None       |          19 |               0 |   0 |      0 |    0 |   0 |  0 |    0 |   0 |       0 | w_slave_sel_1[4] |
| g9        | n/a   | BUFG/O          | None       |          21 |               0 |   0 |      0 |    0 |   0 |  0 |    0 |   0 |       0 | w_slave_sel_1[5] |
+-----------+-------+-----------------+------------+-------------+-----------------+-----+--------+------+-----+----+------+-----+---------+------------------+
* Clock Loads column represents the clock pin loads (pin count)
** Non-Clock Loads column represents the non-clock pin loads (pin count)
*** Columns FF, LUTRAM, RAMB through 'Hard IP' represents load cell counts


21. Clock Region Cell Placement per Global Clock: Region X0Y1
-------------------------------------------------------------

+-----------+-------+-----------------+------------+-------------+-----------------+----+--------+------+-----+----+------+-----+---------+---------------+
| Global Id | Track | Driver Type/Pin | Constraint | Clock Loads | Non-Clock Loads | FF | LUTRAM | RAMB | DSP | GT | MMCM | PLL | Hard IP | Net           |
+-----------+-------+-----------------+------------+-------------+-----------------+----+--------+------+-----+----+------+-----+---------+---------------+
| g0        | n/a   | BUFG/O          | None       |          39 |               0 | 39 |      0 |    0 |   0 |  0 |    0 |   0 |       0 | clk_IBUF_BUFG |
+-----------+-------+-----------------+------------+-------------+-----------------+----+--------+------+-----+----+------+-----+---------+---------------+
* Clock Loads column represents the clock pin loads (pin count)
** Non-Clock Loads column represents the non-clock pin loads (pin count)
*** Columns FF, LUTRAM, RAMB through 'Hard IP' represents load cell counts


22. Clock Region Cell Placement per Global Clock: Region X1Y1
-------------------------------------------------------------

+-----------+-------+-----------------+------------+-------------+-----------------+----+--------+------+-----+----+------+-----+---------+--------------------------+
| Global Id | Track | Driver Type/Pin | Constraint | Clock Loads | Non-Clock Loads | FF | LUTRAM | RAMB | DSP | GT | MMCM | PLL | Hard IP | Net                      |
+-----------+-------+-----------------+------------+-------------+-----------------+----+--------+------+-----+----+------+-----+---------+--------------------------+
| g0        | n/a   | BUFG/O          | None       |          96 |               0 | 96 |      0 |    0 |   0 |  0 |    0 |   0 |       0 | clk_IBUF_BUFG            |
| g6        | n/a   | BUFG/O          | None       |           2 |               0 |  0 |      0 |    0 |   0 |  0 |    0 |   0 |       0 | w_slave_sel_1[1]         |
| g9        | n/a   | BUFG/O          | None       |           2 |               0 |  0 |      0 |    0 |   0 |  0 |    0 |   0 |       0 | w_slave_sel_1[5]         |
| g10       | n/a   | BUFG/O          | None       |           1 |              32 | 32 |      0 |    0 |   0 |  0 |    0 |   0 |       0 | tick_next_reg_i_1__0_n_0 |
| g11       | n/a   | BUFG/O          | None       |           1 |              32 | 32 |      0 |    0 |   0 |  0 |    0 |   0 |       0 | tick_next_reg_i_1_n_0    |
+-----------+-------+-----------------+------------+-------------+-----------------+----+--------+------+-----+----+------+-----+---------+--------------------------+
* Clock Loads column represents the clock pin loads (pin count)
** Non-Clock Loads column represents the non-clock pin loads (pin count)
*** Columns FF, LUTRAM, RAMB through 'Hard IP' represents load cell counts



# Location of BUFG Primitives 
set_property LOC BUFGCTRL_X0Y9 [get_cells rdata_reg[31]_i_2__6]
set_property LOC BUFGCTRL_X0Y8 [get_cells rdata_reg[31]_i_2__5]
set_property LOC BUFGCTRL_X0Y7 [get_cells rdata_reg[31]_i_2__4]
set_property LOC BUFGCTRL_X0Y11 [get_cells rdata_reg[31]_i_2__8]
set_property LOC BUFGCTRL_X0Y10 [get_cells rdata_reg[31]_i_2__7]
set_property LOC BUFGCTRL_X0Y3 [get_cells rdata_reg[31]_i_2__0]
set_property LOC BUFGCTRL_X0Y4 [get_cells rdata_reg[31]_i_2__1]
set_property LOC BUFGCTRL_X0Y5 [get_cells rdata_reg[31]_i_2__2]
set_property LOC BUFGCTRL_X0Y6 [get_cells rdata_reg[31]_i_2__3]
set_property LOC BUFGCTRL_X0Y1 [get_cells tick_next_reg_i_1]
set_property LOC BUFGCTRL_X0Y2 [get_cells tick_next_reg_i_1__0]
set_property LOC BUFGCTRL_X0Y0 [get_cells clk_IBUF_BUFG_inst]

# Location of IO Primitives which is load of clock spine

# Location of clock ports
set_property LOC IOB_X1Y26 [get_ports clk]

# Clock net "w_slave_sel_1[5]" driven by instance "rdata_reg[31]_i_2__6" located at site "BUFGCTRL_X0Y9"
#startgroup
create_pblock {CLKAG_w_slave_sel_1[5]}
add_cells_to_pblock [get_pblocks  {CLKAG_w_slave_sel_1[5]}] [get_cells -filter { PRIMITIVE_GROUP != I/O && IS_PRIMITIVE==1 && PRIMITIVE_LEVEL !=INTERNAL } -of_object [get_pins -filter {DIRECTION==IN} -of_objects [get_nets -hierarchical -filter {PARENT=="w_slave_sel_1[5]"}]]]
resize_pblock [get_pblocks {CLKAG_w_slave_sel_1[5]}] -add {CLOCKREGION_X0Y0:CLOCKREGION_X0Y0 CLOCKREGION_X1Y0:CLOCKREGION_X1Y0 CLOCKREGION_X1Y1:CLOCKREGION_X1Y1}
#endgroup

# Clock net "w_slave_sel_1[4]" driven by instance "rdata_reg[31]_i_2__5" located at site "BUFGCTRL_X0Y8"
#startgroup
create_pblock {CLKAG_w_slave_sel_1[4]}
add_cells_to_pblock [get_pblocks  {CLKAG_w_slave_sel_1[4]}] [get_cells -filter { PRIMITIVE_GROUP != I/O && IS_PRIMITIVE==1 && PRIMITIVE_LEVEL !=INTERNAL } -of_object [get_pins -filter {DIRECTION==IN} -of_objects [get_nets -hierarchical -filter {PARENT=="w_slave_sel_1[4]"}]]]
resize_pblock [get_pblocks {CLKAG_w_slave_sel_1[4]}] -add {CLOCKREGION_X0Y0:CLOCKREGION_X0Y0 CLOCKREGION_X1Y0:CLOCKREGION_X1Y0}
#endgroup

# Clock net "w_slave_sel_1[2]" driven by instance "rdata_reg[31]_i_2__4" located at site "BUFGCTRL_X0Y7"
#startgroup
create_pblock {CLKAG_w_slave_sel_1[2]}
add_cells_to_pblock [get_pblocks  {CLKAG_w_slave_sel_1[2]}] [get_cells -filter { PRIMITIVE_GROUP != I/O && IS_PRIMITIVE==1 && PRIMITIVE_LEVEL !=INTERNAL } -of_object [get_pins -filter {DIRECTION==IN} -of_objects [get_nets -hierarchical -filter {PARENT=="w_slave_sel_1[2]"}]]]
resize_pblock [get_pblocks {CLKAG_w_slave_sel_1[2]}] -add {CLOCKREGION_X0Y0:CLOCKREGION_X0Y0 CLOCKREGION_X1Y0:CLOCKREGION_X1Y0}
#endgroup

# Clock net "w_slave_sel_1[1]" driven by instance "rdata_reg[31]_i_2__8" located at site "BUFGCTRL_X0Y11"
#startgroup
create_pblock {CLKAG_w_slave_sel_1[1]}
add_cells_to_pblock [get_pblocks  {CLKAG_w_slave_sel_1[1]}] [get_cells -filter { PRIMITIVE_GROUP != I/O && IS_PRIMITIVE==1 && PRIMITIVE_LEVEL !=INTERNAL } -of_object [get_pins -filter {DIRECTION==IN} -of_objects [get_nets -hierarchical -filter {PARENT=="w_slave_sel_1[1]"}]]]
resize_pblock [get_pblocks {CLKAG_w_slave_sel_1[1]}] -add {CLOCKREGION_X0Y0:CLOCKREGION_X0Y0 CLOCKREGION_X1Y0:CLOCKREGION_X1Y0 CLOCKREGION_X1Y1:CLOCKREGION_X1Y1}
#endgroup

# Clock net "w_slave_sel_1[0]" driven by instance "rdata_reg[31]_i_2__7" located at site "BUFGCTRL_X0Y10"
#startgroup
create_pblock {CLKAG_w_slave_sel_1[0]}
add_cells_to_pblock [get_pblocks  {CLKAG_w_slave_sel_1[0]}] [get_cells -filter { PRIMITIVE_GROUP != I/O && IS_PRIMITIVE==1 && PRIMITIVE_LEVEL !=INTERNAL } -of_object [get_pins -filter {DIRECTION==IN} -of_objects [get_nets -hierarchical -filter {PARENT=="w_slave_sel_1[0]"}]]]
resize_pblock [get_pblocks {CLKAG_w_slave_sel_1[0]}] -add {CLOCKREGION_X0Y0:CLOCKREGION_X0Y0 CLOCKREGION_X1Y0:CLOCKREGION_X1Y0}
#endgroup

# Clock net "w_slave_sel_0[3]" driven by instance "rdata_reg[31]_i_2__0" located at site "BUFGCTRL_X0Y3"
#startgroup
create_pblock {CLKAG_w_slave_sel_0[3]}
add_cells_to_pblock [get_pblocks  {CLKAG_w_slave_sel_0[3]}] [get_cells -filter { PRIMITIVE_GROUP != I/O && IS_PRIMITIVE==1 && PRIMITIVE_LEVEL !=INTERNAL } -of_object [get_pins -filter {DIRECTION==IN} -of_objects [get_nets -hierarchical -filter {PARENT=="w_slave_sel_0[3]"}]]]
resize_pblock [get_pblocks {CLKAG_w_slave_sel_0[3]}] -add {CLOCKREGION_X1Y0:CLOCKREGION_X1Y0}
#endgroup

# Clock net "w_slave_sel_0[2]" driven by instance "rdata_reg[31]_i_2__1" located at site "BUFGCTRL_X0Y4"
#startgroup
create_pblock {CLKAG_w_slave_sel_0[2]}
add_cells_to_pblock [get_pblocks  {CLKAG_w_slave_sel_0[2]}] [get_cells -filter { PRIMITIVE_GROUP != I/O && IS_PRIMITIVE==1 && PRIMITIVE_LEVEL !=INTERNAL } -of_object [get_pins -filter {DIRECTION==IN} -of_objects [get_nets -hierarchical -filter {PARENT=="w_slave_sel_0[2]"}]]]
resize_pblock [get_pblocks {CLKAG_w_slave_sel_0[2]}] -add {CLOCKREGION_X1Y0:CLOCKREGION_X1Y0}
#endgroup

# Clock net "w_slave_sel_0[1]" driven by instance "rdata_reg[31]_i_2__2" located at site "BUFGCTRL_X0Y5"
#startgroup
create_pblock {CLKAG_w_slave_sel_0[1]}
add_cells_to_pblock [get_pblocks  {CLKAG_w_slave_sel_0[1]}] [get_cells -filter { PRIMITIVE_GROUP != I/O && IS_PRIMITIVE==1 && PRIMITIVE_LEVEL !=INTERNAL } -of_object [get_pins -filter {DIRECTION==IN} -of_objects [get_nets -hierarchical -filter {PARENT=="w_slave_sel_0[1]"}]]]
resize_pblock [get_pblocks {CLKAG_w_slave_sel_0[1]}] -add {CLOCKREGION_X1Y0:CLOCKREGION_X1Y0}
#endgroup

# Clock net "w_slave_sel_0[0]" driven by instance "rdata_reg[31]_i_2__3" located at site "BUFGCTRL_X0Y6"
#startgroup
create_pblock {CLKAG_w_slave_sel_0[0]}
add_cells_to_pblock [get_pblocks  {CLKAG_w_slave_sel_0[0]}] [get_cells -filter { PRIMITIVE_GROUP != I/O && IS_PRIMITIVE==1 && PRIMITIVE_LEVEL !=INTERNAL } -of_object [get_pins -filter {DIRECTION==IN} -of_objects [get_nets -hierarchical -filter {PARENT=="w_slave_sel_0[0]"}]]]
resize_pblock [get_pblocks {CLKAG_w_slave_sel_0[0]}] -add {CLOCKREGION_X1Y0:CLOCKREGION_X1Y0}
#endgroup

# Clock net "tick_next_reg_i_1_n_0" driven by instance "tick_next_reg_i_1" located at site "BUFGCTRL_X0Y1"
#startgroup
create_pblock {CLKAG_tick_next_reg_i_1_n_0}
add_cells_to_pblock [get_pblocks  {CLKAG_tick_next_reg_i_1_n_0}] [get_cells -filter { PRIMITIVE_GROUP != I/O && IS_PRIMITIVE==1 && PRIMITIVE_LEVEL !=INTERNAL } -of_object [get_pins -filter {DIRECTION==IN} -of_objects [get_nets -hierarchical -filter {PARENT=="tick_next_reg_i_1_n_0"}]]]
resize_pblock [get_pblocks {CLKAG_tick_next_reg_i_1_n_0}] -add {CLOCKREGION_X1Y1:CLOCKREGION_X1Y1}
#endgroup

# Clock net "tick_next_reg_i_1__0_n_0" driven by instance "tick_next_reg_i_1__0" located at site "BUFGCTRL_X0Y2"
#startgroup
create_pblock {CLKAG_tick_next_reg_i_1__0_n_0}
add_cells_to_pblock [get_pblocks  {CLKAG_tick_next_reg_i_1__0_n_0}] [get_cells -filter { PRIMITIVE_GROUP != I/O && IS_PRIMITIVE==1 && PRIMITIVE_LEVEL !=INTERNAL } -of_object [get_pins -filter {DIRECTION==IN} -of_objects [get_nets -hierarchical -filter {PARENT=="tick_next_reg_i_1__0_n_0"}]]]
resize_pblock [get_pblocks {CLKAG_tick_next_reg_i_1__0_n_0}] -add {CLOCKREGION_X1Y1:CLOCKREGION_X1Y1}
#endgroup

# Clock net "clk_IBUF_BUFG" driven by instance "clk_IBUF_BUFG_inst" located at site "BUFGCTRL_X0Y0"
#startgroup
create_pblock {CLKAG_clk_IBUF_BUFG}
add_cells_to_pblock [get_pblocks  {CLKAG_clk_IBUF_BUFG}] [get_cells -filter { PRIMITIVE_GROUP != I/O && IS_PRIMITIVE==1 && PRIMITIVE_LEVEL !=INTERNAL } -of_object [get_pins -filter {DIRECTION==IN} -of_objects [get_nets -hierarchical -filter {PARENT=="clk_IBUF_BUFG"}]]]
resize_pblock [get_pblocks {CLKAG_clk_IBUF_BUFG}] -add {CLOCKREGION_X0Y0:CLOCKREGION_X0Y0 CLOCKREGION_X0Y1:CLOCKREGION_X0Y1 CLOCKREGION_X1Y0:CLOCKREGION_X1Y0 CLOCKREGION_X1Y1:CLOCKREGION_X1Y1}
#endgroup
